interactions:
- request:
    body: null
    headers:
      Accept:
      - application/json
      Accept-Encoding:
      - gzip, deflate
      Connection:
      - keep-alive
      User-Agent:
      - python-requests/2.25.0
    method: GET
    uri: http://localhost:19120/api/v1/trees/tree/main/log
  response:
    body:
      string: "{\n  \"hasMore\" : false,\n  \"token\" : null,\n  \"operations\" :\
        \ [ ]\n}"
    headers:
      Content-Length:
      - '63'
      Content-Type:
      - application/json
    status:
      code: 200
      message: OK
- request:
    body: null
    headers:
      Accept:
      - application/json
      Accept-Encoding:
      - gzip, deflate
      Connection:
      - keep-alive
      User-Agent:
      - python-requests/2.25.0
    method: GET
    uri: http://localhost:19120/api/v1/trees
  response:
    body:
      string: "[ {\n  \"type\" : \"BRANCH\",\n  \"name\" : \"main\",\n  \"hash\" :\
        \ \"2e1cfa82b035c26cbbbdae632cea070514eb8b773f616aaeaf668e2f0be8f10d\"\n}\
        \ ]"
    headers:
      Content-Length:
      - '125'
      Content-Type:
      - application/json
    status:
      code: 200
      message: OK
- request:
    body: null
    headers:
      Accept:
      - application/json
      Accept-Encoding:
      - gzip, deflate
      Connection:
      - keep-alive
      User-Agent:
      - python-requests/2.25.0
    method: GET
    uri: http://localhost:19120/api/v1/contents/foo.bar?ref=main
  response:
    body:
      string: "{\n  \"message\" : \"Requested contents do not exist for specified\
        \ reference.\",\n  \"status\" : 404,\n  \"reason\" : \"Not Found\",\n  \"\
        serverStackTrace\" : null\n}"
    headers:
      Content-Length:
      - '149'
      Content-Type:
      - application/json
    status:
      code: 404
      message: Not Found
- request:
    body: '{"operations": [{"key": {"elements": ["foo", "bar"]}, "contents": {"metadataLocation":
      "/a/b/c", "type": "ICEBERG_TABLE"}, "type": "PUT"}], "commitMeta": {"email":
      null, "author": null, "committer": null, "commitTime": null, "message": "test_message",
      "properties": null, "authorTime": null, "signedOffBy": null, "hash": null}}'
    headers:
      Accept:
      - '*/*'
      Accept-Encoding:
      - gzip, deflate
      Connection:
      - keep-alive
      Content-Length:
      - '327'
      Content-Type:
      - application/json
      User-Agent:
      - python-requests/2.25.0
    method: POST
    uri: http://localhost:19120/api/v1/trees/branch/main/commit?expectedHash=2e1cfa82b035c26cbbbdae632cea070514eb8b773f616aaeaf668e2f0be8f10d
  response:
    body:
      string: ''
    headers: {}
    status:
      code: 204
      message: No Content
- request:
    body: null
    headers:
      Accept:
      - application/json
      Accept-Encoding:
      - gzip, deflate
      Connection:
      - keep-alive
      User-Agent:
      - python-requests/2.25.0
    method: GET
    uri: http://localhost:19120/api/v1/contents/foo.bar?ref=main
  response:
    body:
      string: "{\n  \"type\" : \"ICEBERG_TABLE\",\n  \"metadataLocation\" : \"/a/b/c\"\
        \n}"
    headers:
      Content-Length:
      - '63'
      Content-Type:
      - application/json
    status:
      code: 200
      message: OK
- request:
    body: null
    headers:
      Accept:
      - application/json
      Accept-Encoding:
      - gzip, deflate
      Connection:
      - keep-alive
      User-Agent:
      - python-requests/2.25.0
    method: GET
    uri: http://localhost:19120/api/v1/trees/tree/main/log
  response:
    body:
      string: "{\n  \"hasMore\" : false,\n  \"token\" : null,\n  \"operations\" :\
        \ [ {\n    \"hash\" : \"97faeed4d78dd1d26cce727f21133aacc095aa91d5444328058c50717546a8dc\"\
        ,\n    \"committer\" : \"\",\n    \"author\" : \"\",\n    \"signedOffBy\"\
        \ : null,\n    \"message\" : \"test_message\",\n    \"commitTime\" : \"2021-03-19T16:17:55.976469Z\"\
        ,\n    \"authorTime\" : \"2021-03-19T16:17:55.976469Z\",\n    \"properties\"\
        \ : { }\n  } ]\n}"
    headers:
      Content-Length:
      - '372'
      Content-Type:
      - application/json
    status:
      code: 200
      message: OK
- request:
    body: null
    headers:
      Accept:
      - application/json
      Accept-Encoding:
      - gzip, deflate
      Connection:
      - keep-alive
      User-Agent:
      - python-requests/2.25.0
    method: GET
    uri: http://localhost:19120/api/v1/trees/tree/97faeed4d78dd1d26cce727f21133aacc095aa91d5444328058c50717546a8dc/log
  response:
    body:
      string: "{\n  \"hasMore\" : false,\n  \"token\" : null,\n  \"operations\" :\
        \ [ {\n    \"hash\" : \"97faeed4d78dd1d26cce727f21133aacc095aa91d5444328058c50717546a8dc\"\
        ,\n    \"committer\" : \"\",\n    \"author\" : \"\",\n    \"signedOffBy\"\
        \ : null,\n    \"message\" : \"test_message\",\n    \"commitTime\" : \"2021-03-19T16:17:55.976469Z\"\
        ,\n    \"authorTime\" : \"2021-03-19T16:17:55.976469Z\",\n    \"properties\"\
        \ : { }\n  } ]\n}"
    headers:
      Content-Length:
      - '372'
      Content-Type:
      - application/json
    status:
      code: 200
      message: OK
- request:
    body: null
    headers:
      Accept:
      - application/json
      Accept-Encoding:
      - gzip, deflate
      Connection:
      - keep-alive
      User-Agent:
      - python-requests/2.25.0
    method: GET
    uri: http://localhost:19120/api/v1/trees/tree/main/entries
  response:
    body:
      string: "{\n  \"hasMore\" : false,\n  \"token\" : null,\n  \"entries\" : [ {\n\
        \    \"type\" : \"UNKNOWN\",\n    \"name\" : {\n      \"elements\" : [ \"\
        foo\", \"bar\" ]\n    }\n  } ]\n}"
    headers:
      Content-Length:
      - '147'
      Content-Type:
      - application/json
    status:
      code: 200
      message: OK
- request:
    body: null
    headers:
      Accept:
      - application/json
      Accept-Encoding:
      - gzip, deflate
      Connection:
      - keep-alive
      User-Agent:
      - python-requests/2.25.0
    method: GET
    uri: http://localhost:19120/api/v1/contents/foo.bar?ref=main
  response:
    body:
      string: "{\n  \"type\" : \"ICEBERG_TABLE\",\n  \"metadataLocation\" : \"/a/b/c\"\
        \n}"
    headers:
      Content-Length:
      - '63'
      Content-Type:
      - application/json
    status:
      code: 200
      message: OK
- request:
    body: '{"operations": [{"key": {"elements": ["foo", "bar"]}, "type": "DELETE"}],
      "commitMeta": {"email": null, "author": null, "committer": null, "commitTime":
      null, "message": "delete_message", "properties": null, "authorTime": null, "signedOffBy":
      null, "hash": null}}'
    headers:
      Accept:
      - '*/*'
      Accept-Encoding:
      - gzip, deflate
      Connection:
      - keep-alive
      Content-Length:
      - '263'
      Content-Type:
      - application/json
      User-Agent:
      - python-requests/2.25.0
    method: POST
    uri: http://localhost:19120/api/v1/trees/branch/main/commit?expectedHash=97faeed4d78dd1d26cce727f21133aacc095aa91d5444328058c50717546a8dc
  response:
    body:
      string: ''
    headers: {}
    status:
      code: 204
      message: No Content
- request:
    body: null
    headers:
      Accept:
      - application/json
      Accept-Encoding:
      - gzip, deflate
      Connection:
      - keep-alive
      User-Agent:
      - python-requests/2.25.0
    method: GET
    uri: http://localhost:19120/api/v1/trees/tree/main/log
  response:
    body:
      string: "{\n  \"hasMore\" : false,\n  \"token\" : null,\n  \"operations\" :\
        \ [ {\n    \"hash\" : \"227ecc384656e35eceb5c1fb56b956dc4dffd3e91cb04fb00bbf15b644059d87\"\
        ,\n    \"committer\" : \"\",\n    \"author\" : \"\",\n    \"signedOffBy\"\
        \ : null,\n    \"message\" : \"delete_message\",\n    \"commitTime\" : \"\
        2021-03-19T16:17:56.120915Z\",\n    \"authorTime\" : \"2021-03-19T16:17:56.120915Z\"\
        ,\n    \"properties\" : { }\n  }, {\n    \"hash\" : \"97faeed4d78dd1d26cce727f21133aacc095aa91d5444328058c50717546a8dc\"\
        ,\n    \"committer\" : \"\",\n    \"author\" : \"\",\n    \"signedOffBy\"\
        \ : null,\n    \"message\" : \"test_message\",\n    \"commitTime\" : \"2021-03-19T16:17:55.976469Z\"\
        ,\n    \"authorTime\" : \"2021-03-19T16:17:55.976469Z\",\n    \"properties\"\
        \ : { }\n  } ]\n}"
    headers:
      Content-Length:
      - '684'
      Content-Type:
      - application/json
    status:
      code: 200
      message: OK
- request:
    body: null
    headers:
      Accept:
      - application/json
      Accept-Encoding:
      - gzip, deflate
      Connection:
      - keep-alive
      User-Agent:
      - python-requests/2.25.0
    method: GET
    uri: http://localhost:19120/api/v1/trees/tree/227ecc384656e35eceb5c1fb56b956dc4dffd3e91cb04fb00bbf15b644059d87/log
  response:
    body:
      string: "{\n  \"hasMore\" : false,\n  \"token\" : null,\n  \"operations\" :\
        \ [ {\n    \"hash\" : \"227ecc384656e35eceb5c1fb56b956dc4dffd3e91cb04fb00bbf15b644059d87\"\
        ,\n    \"committer\" : \"\",\n    \"author\" : \"\",\n    \"signedOffBy\"\
        \ : null,\n    \"message\" : \"delete_message\",\n    \"commitTime\" : \"\
        2021-03-19T16:17:56.120915Z\",\n    \"authorTime\" : \"2021-03-19T16:17:56.120915Z\"\
        ,\n    \"properties\" : { }\n  }, {\n    \"hash\" : \"97faeed4d78dd1d26cce727f21133aacc095aa91d5444328058c50717546a8dc\"\
        ,\n    \"committer\" : \"\",\n    \"author\" : \"\",\n    \"signedOffBy\"\
        \ : null,\n    \"message\" : \"test_message\",\n    \"commitTime\" : \"2021-03-19T16:17:55.976469Z\"\
        ,\n    \"authorTime\" : \"2021-03-19T16:17:55.976469Z\",\n    \"properties\"\
        \ : { }\n  } ]\n}"
    headers:
      Content-Length:
      - '684'
      Content-Type:
      - application/json
    status:
      code: 200
      message: OK
version: 1
